# serializer version: 1
# name: test_prebuilt_tool_chat
  '{"title": "LangGraphInput", "$ref": "#/definitions/AgentState", "definitions": {"BaseMessage": {"title": "BaseMessage", "description": "Base abstract Message class.\\n\\nMessages are the inputs and outputs of ChatModels.", "type": "object", "properties": {"content": {"title": "Content", "anyOf": [{"type": "string"}, {"type": "array", "items": {"anyOf": [{"type": "string"}, {"type": "object"}]}}]}, "additional_kwargs": {"title": "Additional Kwargs", "type": "object"}, "response_metadata": {"title": "Response Metadata", "type": "object"}, "type": {"title": "Type", "type": "string"}, "name": {"title": "Name", "type": "string"}, "id": {"title": "Id", "type": "string"}}, "required": ["content", "type"]}, "AgentState": {"title": "AgentState", "type": "object", "properties": {"messages": {"title": "Messages", "type": "array", "items": {"$ref": "#/definitions/BaseMessage"}}}, "required": ["messages"]}}}'
# ---
# name: test_prebuilt_tool_chat.1
  '{"title": "LangGraphOutput", "type": "object", "properties": {"messages": {"title": "Messages", "type": "array", "items": {"$ref": "#/definitions/BaseMessage"}}}, "definitions": {"BaseMessage": {"title": "BaseMessage", "description": "Base abstract Message class.\\n\\nMessages are the inputs and outputs of ChatModels.", "type": "object", "properties": {"content": {"title": "Content", "anyOf": [{"type": "string"}, {"type": "array", "items": {"anyOf": [{"type": "string"}, {"type": "object"}]}}]}, "additional_kwargs": {"title": "Additional Kwargs", "type": "object"}, "response_metadata": {"title": "Response Metadata", "type": "object"}, "type": {"title": "Type", "type": "string"}, "name": {"title": "Name", "type": "string"}, "id": {"title": "Id", "type": "string"}}, "required": ["content", "type"]}}}'
# ---
# name: test_prebuilt_tool_chat.2
  '''
  {
    "nodes": [
      {
        "id": "__start__",
        "type": "schema",
        "data": "__start__"
      },
      {
        "id": "__end__",
        "type": "schema",
        "data": "__end__"
      },
      {
        "id": "agent",
        "type": "runnable",
        "data": {
          "id": [
            "langchain_core",
            "runnables",
            "base",
            "RunnableLambda"
          ],
          "name": "call_model"
        }
      },
      {
        "id": "action",
        "type": "runnable",
        "data": {
          "id": [
            "langchain_core",
            "runnables",
            "base",
            "RunnableLambda"
          ],
          "name": "call_tool"
        }
      },
      {
        "id": "agent_should_continue",
        "type": "runnable",
        "data": {
          "id": [
            "langchain_core",
            "runnables",
            "base",
            "RunnableLambda"
          ],
          "name": "should_continue"
        }
      }
    ],
    "edges": [
      {
        "source": "__start__",
        "target": "agent"
      },
      {
        "source": "action",
        "target": "agent"
      },
      {
        "source": "agent",
        "target": "agent_should_continue"
      },
      {
        "source": "agent_should_continue",
        "target": "action",
        "data": "continue"
      },
      {
        "source": "agent_should_continue",
        "target": "__end__",
        "data": "end"
      }
    ]
  }
  '''
# ---
# name: test_prebuilt_tool_chat.3
  '''
                      +-----------+             
                      | __start__ |             
                      +-----------+             
                            *                   
                            *                   
                            *                   
                        +-------+               
                        | agent |               
                       *+-------+*              
                     **           ***           
                   **                **         
                 **                    **       
  +-----------------------+              **     
  | agent_should_continue |               *     
  +-----------------------+               *     
              *           *****           *     
              *                ****       *     
              *                    ***    *     
         +---------+                +--------+  
         | __end__ |                | action |  
         +---------+                +--------+  
  '''
# ---
