# serializer version: 1
# name: test_in_one_fan_out_state_graph_waiting_edge_custom_state_class
  '''
                +-----------+              
                | __start__ |              
                +-----------+              
                      *                    
                      *                    
                      *                    
              +---------------+            
              | rewrite_query |            
              +---------------+            
               ***         ...             
              *               .            
            **                 ...         
  +--------------+                .        
  | analyzer_one |                .        
  +--------------+                .        
          *                       .        
          *                       .        
          *                       .        
  +---------------+      +---------------+ 
  | retriever_one |      | retriever_two | 
  +---------------+      +---------------+ 
               ***         ***             
                  *       *                
                   **   **                 
                   +----+                  
                   | qa |                  
                   +----+                  
                      *                    
                      *                    
                      *                    
                +---------+                
                | __end__ |                
                +---------+                
  '''
# ---
# name: test_in_one_fan_out_state_graph_waiting_edge_via_branch
  '''
                +-----------+              
                | __start__ |              
                +-----------+              
                      *                    
                      *                    
                      *                    
              +---------------+            
              | rewrite_query |            
              +---------------+            
               ***         ...             
              *               .            
            **                 ...         
  +--------------+                .        
  | analyzer_one |                .        
  +--------------+                .        
          *                       .        
          *                       .        
          *                       .        
  +---------------+      +---------------+ 
  | retriever_one |      | retriever_two | 
  +---------------+      +---------------+ 
               ***         ***             
                  *       *                
                   **   **                 
                   +----+                  
                   | qa |                  
                   +----+                  
                      *                    
                      *                    
                      *                    
                +---------+                
                | __end__ |                
                +---------+                
  '''
# ---
# name: test_nested_graph
  '''
  +-----------+  
  | __start__ |  
  +-----------+  
        *        
        *        
        *        
    +-------+    
    | inner |    
    +-------+    
        *        
        *        
        *        
    +------+     
    | side |     
    +------+     
        *        
        *        
        *        
   +---------+   
   | __end__ |   
   +---------+   
  '''
# ---
