# serializer version: 1
# name: test_in_one_fan_out_state_graph_waiting_edge_custom_state_class_pydantic2[memory]
  '''
  graph TD;
  	__start__ --> rewrite_query;
  	analyzer_one --> retriever_one;
  	qa --> __end__;
  	retriever_one --> qa;
  	retriever_two --> qa;
  	rewrite_query --> analyzer_one;
  	rewrite_query -.-> retriever_two;
  
  '''
# ---
# name: test_in_one_fan_out_state_graph_waiting_edge_custom_state_class_pydantic2[memory].1
  dict({
    '$defs': dict({
      'InnerObject': dict({
        'properties': dict({
          'yo': dict({
            'title': 'Yo',
            'type': 'integer',
          }),
        }),
        'required': list([
          'yo',
        ]),
        'title': 'InnerObject',
        'type': 'object',
      }),
    }),
    'properties': dict({
      'answer': dict({
        'anyOf': list([
          dict({
            'type': 'string',
          }),
          dict({
            'type': 'null',
          }),
        ]),
        'default': None,
        'title': 'Answer',
      }),
      'docs': dict({
        'items': dict({
          'type': 'string',
        }),
        'title': 'Docs',
        'type': 'array',
      }),
      'inner': dict({
        '$ref': '#/$defs/InnerObject',
      }),
      'query': dict({
        'title': 'Query',
        'type': 'string',
      }),
    }),
    'required': list([
      'query',
      'inner',
      'docs',
    ]),
    'title': 'State',
    'type': 'object',
  })
# ---
# name: test_in_one_fan_out_state_graph_waiting_edge_custom_state_class_pydantic2[memory].2
  dict({
    '$defs': dict({
      'InnerObject': dict({
        'properties': dict({
          'yo': dict({
            'title': 'Yo',
            'type': 'integer',
          }),
        }),
        'required': list([
          'yo',
        ]),
        'title': 'InnerObject',
        'type': 'object',
      }),
    }),
    'properties': dict({
      'answer': dict({
        'anyOf': list([
          dict({
            'type': 'string',
          }),
          dict({
            'type': 'null',
          }),
        ]),
        'default': None,
        'title': 'Answer',
      }),
      'docs': dict({
        'items': dict({
          'type': 'string',
        }),
        'title': 'Docs',
        'type': 'array',
      }),
      'inner': dict({
        '$ref': '#/$defs/InnerObject',
      }),
      'query': dict({
        'title': 'Query',
        'type': 'string',
      }),
    }),
    'required': list([
      'query',
      'inner',
      'docs',
    ]),
    'title': 'State',
    'type': 'object',
  })
# ---
# name: test_in_one_fan_out_state_graph_waiting_edge_custom_state_class_pydantic2[postgres_aio]
  '''
  graph TD;
  	__start__ --> rewrite_query;
  	analyzer_one --> retriever_one;
  	qa --> __end__;
  	retriever_one --> qa;
  	retriever_two --> qa;
  	rewrite_query --> analyzer_one;
  	rewrite_query -.-> retriever_two;
  
  '''
# ---
# name: test_in_one_fan_out_state_graph_waiting_edge_custom_state_class_pydantic2[postgres_aio].1
  dict({
    '$defs': dict({
      'InnerObject': dict({
        'properties': dict({
          'yo': dict({
            'title': 'Yo',
            'type': 'integer',
          }),
        }),
        'required': list([
          'yo',
        ]),
        'title': 'InnerObject',
        'type': 'object',
      }),
    }),
    'properties': dict({
      'answer': dict({
        'anyOf': list([
          dict({
            'type': 'string',
          }),
          dict({
            'type': 'null',
          }),
        ]),
        'default': None,
        'title': 'Answer',
      }),
      'docs': dict({
        'items': dict({
          'type': 'string',
        }),
        'title': 'Docs',
        'type': 'array',
      }),
      'inner': dict({
        '$ref': '#/$defs/InnerObject',
      }),
      'query': dict({
        'title': 'Query',
        'type': 'string',
      }),
    }),
    'required': list([
      'query',
      'inner',
      'docs',
    ]),
    'title': 'State',
    'type': 'object',
  })
# ---
# name: test_in_one_fan_out_state_graph_waiting_edge_custom_state_class_pydantic2[postgres_aio].2
  dict({
    '$defs': dict({
      'InnerObject': dict({
        'properties': dict({
          'yo': dict({
            'title': 'Yo',
            'type': 'integer',
          }),
        }),
        'required': list([
          'yo',
        ]),
        'title': 'InnerObject',
        'type': 'object',
      }),
    }),
    'properties': dict({
      'answer': dict({
        'anyOf': list([
          dict({
            'type': 'string',
          }),
          dict({
            'type': 'null',
          }),
        ]),
        'default': None,
        'title': 'Answer',
      }),
      'docs': dict({
        'items': dict({
          'type': 'string',
        }),
        'title': 'Docs',
        'type': 'array',
      }),
      'inner': dict({
        '$ref': '#/$defs/InnerObject',
      }),
      'query': dict({
        'title': 'Query',
        'type': 'string',
      }),
    }),
    'required': list([
      'query',
      'inner',
      'docs',
    ]),
    'title': 'State',
    'type': 'object',
  })
# ---
# name: test_in_one_fan_out_state_graph_waiting_edge_custom_state_class_pydantic2[postgres_aio_pipe]
  '''
  graph TD;
  	__start__ --> rewrite_query;
  	analyzer_one --> retriever_one;
  	qa --> __end__;
  	retriever_one --> qa;
  	retriever_two --> qa;
  	rewrite_query --> analyzer_one;
  	rewrite_query -.-> retriever_two;
  
  '''
# ---
# name: test_in_one_fan_out_state_graph_waiting_edge_custom_state_class_pydantic2[postgres_aio_pipe].1
  dict({
    '$defs': dict({
      'InnerObject': dict({
        'properties': dict({
          'yo': dict({
            'title': 'Yo',
            'type': 'integer',
          }),
        }),
        'required': list([
          'yo',
        ]),
        'title': 'InnerObject',
        'type': 'object',
      }),
    }),
    'properties': dict({
      'answer': dict({
        'anyOf': list([
          dict({
            'type': 'string',
          }),
          dict({
            'type': 'null',
          }),
        ]),
        'default': None,
        'title': 'Answer',
      }),
      'docs': dict({
        'items': dict({
          'type': 'string',
        }),
        'title': 'Docs',
        'type': 'array',
      }),
      'inner': dict({
        '$ref': '#/$defs/InnerObject',
      }),
      'query': dict({
        'title': 'Query',
        'type': 'string',
      }),
    }),
    'required': list([
      'query',
      'inner',
      'docs',
    ]),
    'title': 'State',
    'type': 'object',
  })
# ---
# name: test_in_one_fan_out_state_graph_waiting_edge_custom_state_class_pydantic2[postgres_aio_pipe].2
  dict({
    '$defs': dict({
      'InnerObject': dict({
        'properties': dict({
          'yo': dict({
            'title': 'Yo',
            'type': 'integer',
          }),
        }),
        'required': list([
          'yo',
        ]),
        'title': 'InnerObject',
        'type': 'object',
      }),
    }),
    'properties': dict({
      'answer': dict({
        'anyOf': list([
          dict({
            'type': 'string',
          }),
          dict({
            'type': 'null',
          }),
        ]),
        'default': None,
        'title': 'Answer',
      }),
      'docs': dict({
        'items': dict({
          'type': 'string',
        }),
        'title': 'Docs',
        'type': 'array',
      }),
      'inner': dict({
        '$ref': '#/$defs/InnerObject',
      }),
      'query': dict({
        'title': 'Query',
        'type': 'string',
      }),
    }),
    'required': list([
      'query',
      'inner',
      'docs',
    ]),
    'title': 'State',
    'type': 'object',
  })
# ---
# name: test_in_one_fan_out_state_graph_waiting_edge_custom_state_class_pydantic2[postgres_aio_pool]
  '''
  graph TD;
  	__start__ --> rewrite_query;
  	analyzer_one --> retriever_one;
  	qa --> __end__;
  	retriever_one --> qa;
  	retriever_two --> qa;
  	rewrite_query --> analyzer_one;
  	rewrite_query -.-> retriever_two;
  
  '''
# ---
# name: test_in_one_fan_out_state_graph_waiting_edge_custom_state_class_pydantic2[postgres_aio_pool].1
  dict({
    '$defs': dict({
      'InnerObject': dict({
        'properties': dict({
          'yo': dict({
            'title': 'Yo',
            'type': 'integer',
          }),
        }),
        'required': list([
          'yo',
        ]),
        'title': 'InnerObject',
        'type': 'object',
      }),
    }),
    'properties': dict({
      'answer': dict({
        'anyOf': list([
          dict({
            'type': 'string',
          }),
          dict({
            'type': 'null',
          }),
        ]),
        'default': None,
        'title': 'Answer',
      }),
      'docs': dict({
        'items': dict({
          'type': 'string',
        }),
        'title': 'Docs',
        'type': 'array',
      }),
      'inner': dict({
        '$ref': '#/$defs/InnerObject',
      }),
      'query': dict({
        'title': 'Query',
        'type': 'string',
      }),
    }),
    'required': list([
      'query',
      'inner',
      'docs',
    ]),
    'title': 'State',
    'type': 'object',
  })
# ---
# name: test_in_one_fan_out_state_graph_waiting_edge_custom_state_class_pydantic2[postgres_aio_pool].2
  dict({
    '$defs': dict({
      'InnerObject': dict({
        'properties': dict({
          'yo': dict({
            'title': 'Yo',
            'type': 'integer',
          }),
        }),
        'required': list([
          'yo',
        ]),
        'title': 'InnerObject',
        'type': 'object',
      }),
    }),
    'properties': dict({
      'answer': dict({
        'anyOf': list([
          dict({
            'type': 'string',
          }),
          dict({
            'type': 'null',
          }),
        ]),
        'default': None,
        'title': 'Answer',
      }),
      'docs': dict({
        'items': dict({
          'type': 'string',
        }),
        'title': 'Docs',
        'type': 'array',
      }),
      'inner': dict({
        '$ref': '#/$defs/InnerObject',
      }),
      'query': dict({
        'title': 'Query',
        'type': 'string',
      }),
    }),
    'required': list([
      'query',
      'inner',
      'docs',
    ]),
    'title': 'State',
    'type': 'object',
  })
# ---
# name: test_in_one_fan_out_state_graph_waiting_edge_custom_state_class_pydantic2[postgres_aio_shallow]
  '''
  graph TD;
  	__start__ --> rewrite_query;
  	analyzer_one --> retriever_one;
  	qa --> __end__;
  	retriever_one --> qa;
  	retriever_two --> qa;
  	rewrite_query --> analyzer_one;
  	rewrite_query -.-> retriever_two;
  
  '''
# ---
# name: test_in_one_fan_out_state_graph_waiting_edge_custom_state_class_pydantic2[postgres_aio_shallow].1
  dict({
    '$defs': dict({
      'InnerObject': dict({
        'properties': dict({
          'yo': dict({
            'title': 'Yo',
            'type': 'integer',
          }),
        }),
        'required': list([
          'yo',
        ]),
        'title': 'InnerObject',
        'type': 'object',
      }),
    }),
    'properties': dict({
      'answer': dict({
        'anyOf': list([
          dict({
            'type': 'string',
          }),
          dict({
            'type': 'null',
          }),
        ]),
        'default': None,
        'title': 'Answer',
      }),
      'docs': dict({
        'items': dict({
          'type': 'string',
        }),
        'title': 'Docs',
        'type': 'array',
      }),
      'inner': dict({
        '$ref': '#/$defs/InnerObject',
      }),
      'query': dict({
        'title': 'Query',
        'type': 'string',
      }),
    }),
    'required': list([
      'query',
      'inner',
      'docs',
    ]),
    'title': 'State',
    'type': 'object',
  })
# ---
# name: test_in_one_fan_out_state_graph_waiting_edge_custom_state_class_pydantic2[postgres_aio_shallow].2
  dict({
    '$defs': dict({
      'InnerObject': dict({
        'properties': dict({
          'yo': dict({
            'title': 'Yo',
            'type': 'integer',
          }),
        }),
        'required': list([
          'yo',
        ]),
        'title': 'InnerObject',
        'type': 'object',
      }),
    }),
    'properties': dict({
      'answer': dict({
        'anyOf': list([
          dict({
            'type': 'string',
          }),
          dict({
            'type': 'null',
          }),
        ]),
        'default': None,
        'title': 'Answer',
      }),
      'docs': dict({
        'items': dict({
          'type': 'string',
        }),
        'title': 'Docs',
        'type': 'array',
      }),
      'inner': dict({
        '$ref': '#/$defs/InnerObject',
      }),
      'query': dict({
        'title': 'Query',
        'type': 'string',
      }),
    }),
    'required': list([
      'query',
      'inner',
      'docs',
    ]),
    'title': 'State',
    'type': 'object',
  })
# ---
# name: test_in_one_fan_out_state_graph_waiting_edge_custom_state_class_pydantic2[sqlite_aio]
  '''
  graph TD;
  	__start__ --> rewrite_query;
  	analyzer_one --> retriever_one;
  	qa --> __end__;
  	retriever_one --> qa;
  	retriever_two --> qa;
  	rewrite_query --> analyzer_one;
  	rewrite_query -.-> retriever_two;
  
  '''
# ---
# name: test_in_one_fan_out_state_graph_waiting_edge_custom_state_class_pydantic2[sqlite_aio].1
  dict({
    '$defs': dict({
      'InnerObject': dict({
        'properties': dict({
          'yo': dict({
            'title': 'Yo',
            'type': 'integer',
          }),
        }),
        'required': list([
          'yo',
        ]),
        'title': 'InnerObject',
        'type': 'object',
      }),
    }),
    'properties': dict({
      'answer': dict({
        'anyOf': list([
          dict({
            'type': 'string',
          }),
          dict({
            'type': 'null',
          }),
        ]),
        'default': None,
        'title': 'Answer',
      }),
      'docs': dict({
        'items': dict({
          'type': 'string',
        }),
        'title': 'Docs',
        'type': 'array',
      }),
      'inner': dict({
        '$ref': '#/$defs/InnerObject',
      }),
      'query': dict({
        'title': 'Query',
        'type': 'string',
      }),
    }),
    'required': list([
      'query',
      'inner',
      'docs',
    ]),
    'title': 'State',
    'type': 'object',
  })
# ---
# name: test_in_one_fan_out_state_graph_waiting_edge_custom_state_class_pydantic2[sqlite_aio].2
  dict({
    '$defs': dict({
      'InnerObject': dict({
        'properties': dict({
          'yo': dict({
            'title': 'Yo',
            'type': 'integer',
          }),
        }),
        'required': list([
          'yo',
        ]),
        'title': 'InnerObject',
        'type': 'object',
      }),
    }),
    'properties': dict({
      'answer': dict({
        'anyOf': list([
          dict({
            'type': 'string',
          }),
          dict({
            'type': 'null',
          }),
        ]),
        'default': None,
        'title': 'Answer',
      }),
      'docs': dict({
        'items': dict({
          'type': 'string',
        }),
        'title': 'Docs',
        'type': 'array',
      }),
      'inner': dict({
        '$ref': '#/$defs/InnerObject',
      }),
      'query': dict({
        'title': 'Query',
        'type': 'string',
      }),
    }),
    'required': list([
      'query',
      'inner',
      'docs',
    ]),
    'title': 'State',
    'type': 'object',
  })
# ---
# name: test_send_react_interrupt_control[memory]
  '''
  %%{init: {'flowchart': {'curve': 'linear'}}}%%
  graph TD;
  	__start__([<p>__start__</p>]):::first
  	agent(agent)
  	foo([foo]):::last
  	__start__ --> agent;
  	agent -.-> foo;
  	classDef default fill:#f2f0ff,line-height:1.2
  	classDef first fill-opacity:0
  	classDef last fill:#bfb6fc
  
  '''
# ---
# name: test_send_react_interrupt_control[postgres_aio]
  '''
  %%{init: {'flowchart': {'curve': 'linear'}}}%%
  graph TD;
  	__start__([<p>__start__</p>]):::first
  	agent(agent)
  	foo([foo]):::last
  	__start__ --> agent;
  	agent -.-> foo;
  	classDef default fill:#f2f0ff,line-height:1.2
  	classDef first fill-opacity:0
  	classDef last fill:#bfb6fc
  
  '''
# ---
# name: test_send_react_interrupt_control[postgres_aio_pipe]
  '''
  %%{init: {'flowchart': {'curve': 'linear'}}}%%
  graph TD;
  	__start__([<p>__start__</p>]):::first
  	agent(agent)
  	foo([foo]):::last
  	__start__ --> agent;
  	agent -.-> foo;
  	classDef default fill:#f2f0ff,line-height:1.2
  	classDef first fill-opacity:0
  	classDef last fill:#bfb6fc
  
  '''
# ---
# name: test_send_react_interrupt_control[postgres_aio_pool]
  '''
  %%{init: {'flowchart': {'curve': 'linear'}}}%%
  graph TD;
  	__start__([<p>__start__</p>]):::first
  	agent(agent)
  	foo([foo]):::last
  	__start__ --> agent;
  	agent -.-> foo;
  	classDef default fill:#f2f0ff,line-height:1.2
  	classDef first fill-opacity:0
  	classDef last fill:#bfb6fc
  
  '''
# ---
# name: test_send_react_interrupt_control[postgres_aio_shallow]
  '''
  %%{init: {'flowchart': {'curve': 'linear'}}}%%
  graph TD;
  	__start__([<p>__start__</p>]):::first
  	agent(agent)
  	foo([foo]):::last
  	__start__ --> agent;
  	agent -.-> foo;
  	classDef default fill:#f2f0ff,line-height:1.2
  	classDef first fill-opacity:0
  	classDef last fill:#bfb6fc
  
  '''
# ---
# name: test_send_react_interrupt_control[sqlite_aio]
  '''
  %%{init: {'flowchart': {'curve': 'linear'}}}%%
  graph TD;
  	__start__([<p>__start__</p>]):::first
  	agent(agent)
  	foo([foo]):::last
  	__start__ --> agent;
  	agent -.-> foo;
  	classDef default fill:#f2f0ff,line-height:1.2
  	classDef first fill-opacity:0
  	classDef last fill:#bfb6fc
  
  '''
# ---
