# serializer version: 1
# name: test_quickstart
  '''
  %%{init: {'flowchart': {'curve': 'linear'}}}%%
  graph TD;
  	__start__([__start__]):::first
  	chatbot(chatbot)
  	__end__([__end__]):::last
  	__start__ --> chatbot;
  	chatbot --> __end__;
  	classDef default fill:#f2f0ff,line-height:1.2
  	classDef first fill-opacity:0
  	classDef last fill:#bfb6fc
  
  '''
# ---
